now 354.28
at 9.49
